$ bun scripts/doctor.ts
Core workspace doctor — /Users/Ford/Github Repos/Codecaine/Core
26 workspace members

✓ Member repos: 7 present
⚠ Observatory registry: member kernels unregistered or drifted
    ⚠ canvas: registry differs from manifest (registry wins; not modified)
        readApiBaseUrl: registry http://127.0.0.1:4820 vs manifest http://127.0.0.1:60752
    ⚠ docs-system: registry differs from manifest (registry wins; not modified)
        catalogRoots: registry [/Users/Ford/Github Repos/Codecaine/Core/docs-system/catalog] vs manifest [/Users/Ford/Github Repos/Codecaine/Core/observatory/catalog, /Users/Ford/Github Repos/Codecaine/Core/observatory/packages/docs-kernel/catalog]
    FIX: (cd observatory && bun run registry:sync)  # adds missing; never overwrites
✓ Install freshness: last install is newer than every manifest
✓ Workspace symlinks: all 26 members symlinked in Core/node_modules
✓ Observatory prompt-kit symlink: points to prompt-kit/packages/prompt-kit
✓ Single React: exactly one react (hoisted at Core/node_modules/react)
✓ Vite prebundle audit: 5 configs; every workspace dep resolves to live source or is excluded
⚠ Stale .vite caches: prebundle caches survive restarts and never hot-reload
    cache: canvas/packages/studio/node_modules/.vite
    cache: canvas/packages/canvas-agent/node_modules/.vite
    cache: docs-system/packages/docs-workbench/node_modules/.vite
    FIX: rm -rf "/Users/Ford/Github Repos/Codecaine/Core/canvas/packages/studio/node_modules/.vite"
    FIX: rm -rf "/Users/Ford/Github Repos/Codecaine/Core/canvas/packages/canvas-agent/node_modules/.vite"
    FIX: rm -rf "/Users/Ford/Github Repos/Codecaine/Core/docs-system/packages/docs-workbench/node_modules/.vite"
    or: bun run doctor:fix
✓ Shadowing node_modules: no nested copies of workspace packages (conflict splits are fine)
✓ Rogue dep protocols: all cross-repo deps are workspace:* (sanctioned exceptions only)
✓ Lockfile drift: no per-repo lockfile is newer than Core/bun.lock

✓ workspace healthy.
